---
source: src/debug/mangle.rs
expression: "demangle(&Symbol::new(\"_ZN9LuaEntity23luaReadProductsFinishedEP9lua_State\").unwrap()).unwrap()"
---
Func {
    name: "LuaEntity:::luaReadProductsFinished",
    args: [
        (
            "lua_State",
            "*",
        ),
    ],
}
